alias
alias
alias ls /bin/ls
alias whoami /usr/bin/whoami
exit
ls /bin/ls
ls /bin/ls
unalias whoami
whoami
whoami /usr/bin/whoami
